
[1m[46m RUN [49m[22m [36mv4.0.18 [39m[90mC:/Users/ACER N─░TRO/kuran/frontend[39m

node.exe : [31mÔÄ»ÔÄ»ÔÄ»ÔÄ»ÔÄ
»ÔÄ»[39m[1m[41m Unhandled E
rrors [49m[22m[31mÔÄ»ÔÄ»ÔÄ»
ÔÄ»ÔÄ»ÔÄ»[39m
At C:\Users\ACER NİTRO\AppData
\Roaming\npm\npx.ps1:24 char:5
+     & "node$exe"  "$basedir/
node_modules/npm/bin/npx-cli.j
s" $args
+     ~~~~~~~~~~~~~~~~~~~~~~~~
~~~~~~~~~~~~~~~~~~~~~~~~~~~~~~
~~~~~~~~
    + CategoryInfo          : 
    NotSpecified: ([31mÔÄ»Ô  
  Ä»ÔÄ»Ô...»ÔÄ»ÔÄ»ÔÄ»[39m:   
 String) [], RemoteExcepti    
on
    + FullyQualifiedErrorId : 
    NativeCommandError
 
[31m[1m
Vitest caught 2 unhandled erro
rs during the test run.
This might cause false positiv
e tests. Resolve unhandled err
ors to make sure your tests ar
e not affected.[22m[39m

[31mÔÄ»ÔÄ»ÔÄ»ÔÄ»ÔÄ»ÔÄ»[39m[
1m[41m Unhandled Error [49m
[22m[31mÔÄ»ÔÄ»ÔÄ»ÔÄ»ÔÄ»ÔÄ»ÔÄ»
[39m
[31m[1mError[22m: [vitest-p
ool]: Failed to start forks wo
rker for test files C:/Users/A
CER N─░TRO/kuran/frontend/src/
utils/SecureStorage.test.ts.[
39m
[90m [2mÔØ»[22m ../../../AC
ER%20N%C4%B0TRO/kuran/frontend
/node_modules/vitest/dist/chun
ks/cli-api.B7PN_QUv.js:[2m804
6:94[22m[39m
[90m [2mÔØ»[22m processTick
sAndRejections node:internal/p
rocess/task_queues:[2m105:5[
22m[39m
[90m [2mÔØ»[22m Pool.schedu
le ../../../ACER%20N%C4%B0TRO/
kuran/frontend/node_modules/vi
test/dist/chunks/cli-api.B7PN_
QUv.js:[2m8046:5[22m[39m

[31m[1mCaused by: Error[22m
: require() of ES Module C:\Us
ers\ACER N─░TRO\kuran\frontend
\node_modules\@csstools\css-ca
lc\dist\index.mjs not supporte
d.
Instead change the require of 
C:\Users\ACER N─░TRO\kuran\fro
ntend\node_modules\@csstools\c
ss-calc\dist\index.mjs to a dy
namic import() which is availa
ble in all CommonJS modules.[
39m
[90m [2mÔØ»[22m TracingChan
nel.traceSync node:diagnostics
_channel:[2m315:14[22m[39m
[90m [2mÔØ»[22m Object.<ano
nymous> node_modules/@asamuzak
jp/css-color/dist/cjs/index.cj
s:[2m30:24[22m[39m

[31m[2mÔÄ»ÔÄ»ÔÄ»ÔÄ»ÔÄ»ÔÄ»ÔÄ»
ÔÄ»ÔÄ»ÔÄ»ÔÄ»ÔÄ»ÔÄ»ÔÄ»ÔÄ»ÔÄ»ÔÄ»
ÔÄ»ÔÄ»ÔÄ»ÔÄ»ÔÄ»ÔÄ»ÔÄ»ÔÄ»ÔÄ»ÔÄ»
ÔÄ»ÔÄ»ÔÄ»[22m[39m
[31m[1mSerialized Error:[22
m[39m [90m{ code: 'ERR_REQUI
RE_ESM' }[39m

[31mÔÄ»ÔÄ»ÔÄ»ÔÄ»ÔÄ»ÔÄ»[39m[
1m[41m Unhandled Error [49m
[22m[31mÔÄ»ÔÄ»ÔÄ»ÔÄ»ÔÄ»ÔÄ»ÔÄ»
[39m
[31m[1mError[22m: [vitest-p
ool]: Failed to start forks wo
rker for test files C:/Users/A
CER N─░TRO/kuran/frontend/src/
lib/PrayerDebtService.test.ts.
[39m
[90m [2mÔØ»[22m ../../../AC
ER%20N%C4%B0TRO/kuran/frontend
/node_modules/vitest/dist/chun
ks/cli-api.B7PN_QUv.js:[2m804
6:94[22m[39m
[90m [2mÔØ»[22m processTick
sAndRejections node:internal/p
rocess/task_queues:[2m105:5[
22m[39m
[90m [2mÔØ»[22m Pool.schedu
le ../../../ACER%20N%C4%B0TRO/
kuran/frontend/node_modules/vi
test/dist/chunks/cli-api.B7PN_
QUv.js:[2m8046:5[22m[39m

[31m[1mCaused by: Error[22m
: require() of ES Module C:\Us
ers\ACER N─░TRO\kuran\frontend
\node_modules\@csstools\css-ca
lc\dist\index.mjs not supporte
d.
Instead change the require of 
C:\Users\ACER N─░TRO\kuran\fro
ntend\node_modules\@csstools\c
ss-calc\dist\index.mjs to a dy
namic import() which is availa
ble in all CommonJS modules.[
39m
[90m [2mÔØ»[22m TracingChan
nel.traceSync node:diagnostics
_channel:[2m315:14[22m[39m
[90m [2mÔØ»[22m Object.<ano
nymous> node_modules/@asamuzak
jp/css-color/dist/cjs/index.cj
s:[2m30:24[22m[39m

[31m[2mÔÄ»ÔÄ»ÔÄ»ÔÄ»ÔÄ»ÔÄ»ÔÄ»
ÔÄ»ÔÄ»ÔÄ»ÔÄ»ÔÄ»ÔÄ»ÔÄ»ÔÄ»ÔÄ»ÔÄ»
ÔÄ»ÔÄ»ÔÄ»ÔÄ»ÔÄ»ÔÄ»ÔÄ»ÔÄ»ÔÄ»ÔÄ»
ÔÄ»ÔÄ»ÔÄ»[22m[39m
[31m[1mSerialized Error:[22
m[39m [90m{ code: 'ERR_REQUI
RE_ESM' }[39m
[31mÔÄ»ÔÄ»ÔÄ»ÔÄ»ÔÄ»ÔÄ»ÔÄ»ÔÄ»Ô
Ä»ÔÄ»ÔÄ»ÔÄ»ÔÄ»ÔÄ»ÔÄ»ÔÄ»ÔÄ»ÔÄ»Ô
Ä»ÔÄ»ÔÄ»ÔÄ»ÔÄ»ÔÄ»ÔÄ»ÔÄ»ÔÄ»ÔÄ»Ô
Ä»ÔÄ»[39m


[2m Test Files [22m [2mno tests[22m
[2m      Tests [22m [2mno tests[22m
[2m     Errors [22m [1m[31m2 errors[39m[22m
[2m   Start at [22m 16:44:16
[2m   Duration [22m 866ms[2m (transform 0ms, setup 0ms, import 0ms, tests 0ms, environment 0ms)[22m

